// Jest Snapshot v1, https://goo.gl/fbAQLP

exports[`renders a properly: 
    <div />
   1`] = `
<div
  class="box "
>
  <div />
</div>
`;
